../Core/Src/main.c:68:6:ADC_Select_CH4	24	static
../Core/Src/main.c:81:6:ADC_Select_CH5	24	static
../Core/Src/main.c:95:6:ADC_Select_CH6	24	static
../Core/Src/main.c:115:5:main	256	static
../Core/Src/main.c:384:6:SystemClock_Config	88	static
../Core/Src/main.c:431:13:MX_ADC1_Init	24	static
../Core/Src/main.c:496:13:MX_TIM2_Init	64	static
../Core/Src/main.c:555:13:MX_USART2_UART_Init	8	static
../Core/Src/main.c:588:13:MX_GPIO_Init	40	static
../Core/Src/main.c:652:6:Error_Handler	4	static,ignoring_inline_asm
